2026-04-20 19:20:01,603 - INFO - Stage: 1/15, Attempt: 1/5
2026-04-20 19:20:50,531 - INFO - Video Feedback: ### Analysis of the Model's Performance

#### a) Task Completion
**NO**

The task of walking forward in a straight line on flat terrain at a velocity of about 1 m/s, maintaining directional stability and good posture, was not completed successfully. The model exhibits significant deviations from the desired motion.

#### b) Main Issues with Motion

1. **Directional Stability**: 
   - The model does not maintain a straight trajectory. Instead, it veers off to one side, indicating poor control over lateral balance and direction.
   - This issue could be due to uneven weight distribution or asymmetrical muscle activation during the gait cycle. The model might be favoring one leg over the other, leading to a gradual drift in direction.

2. **Posture and Balance**:
   - The model's posture is inconsistent. It leans excessively to one side during certain phases of the gait, which compromises its overall balance.
   - The upper body appears to sway excessively, suggesting that the model lacks proper stabilization mechanisms. This could be related to insufficient engagement of core muscles or inadequate coordination between the upper and lower body.

3. **Velocity and Gait Consistency**:
   - While the model attempts to move forward, the velocity is not consistent. There are moments where the movement appears jerky, indicating fluctuations in speed.
   - The gait pattern is irregular. The model does not exhibit a smooth, rhythmic stride. Instead, there are abrupt changes in limb positioning and joint angles, which disrupt the natural flow of the walk.

4. **Specific Motions Causing Issues**:
   - The model's arms do not swing naturally in opposition to the legs, which is essential for maintaining balance and aiding forward momentum.
   - The foot placement is inconsistent. The model sometimes places its feet too far apart or too close together, affecting stability and stride length.

#### c) Suggestions for Reward Terms

Given the issues identified, here are some suggestions for improving the reinforcement learning model:

1. **Add a Lateral Balance Term**:
   - **Weight**: Start with a weight of 20 and gradually increase if necessary.
   - **Definition**: This term should penalize any deviation from the centerline of the body during the gait cycle. It can be defined as the distance between the center of mass and the vertical projection of the midpoint between the feet. Minimizing this distance will encourage the model to maintain a straight path.

2. **Tune the Velocity Term**:
   - **Weight**: Increase the current weight from 10 to 15.
   - **Definition**: Ensure that the velocity term rewards the model for maintaining a consistent speed close to 1 m/s. This can be achieved by defining the reward as a function of the difference between the actual velocity and the target velocity (1 m/s). A smaller difference should result in a higher reward.

By focusing on these two aspects—lateral balance and velocity consistency—the model can improve its ability to walk in a straight line at a stable pace. These adjustments should help address the primary issues observed in the video while allowing for iterative improvements without introducing too many changes at once.
2026-04-20 19:21:40,583 - INFO - New Code: ```cpp
#include "mjpc/tasks/musculoskeletal/walk_gym2/walk.h"

#include <string>

#include <absl/random/random.h>
#include <mujoco/mujoco.h>
#include "mjpc/utilities.h"

namespace mjpc::musculoskeletal {

std::string WalkGym2::XmlPath() const {
  return GetModelPath("musculoskeletal/walk_gym2/task.xml");
}
std::string WalkGym2::Name() const { return "MS WalkGym2"; }
// ------------------ Residuals for MS humanoid stand task ------------
//   Number of residuals: 6
//     Residual (0): Desired height
//     Residual (1): Balance: COM_xy - average(feet position)_xy
//     Residual (2): Com Vel: should be 0 and equal feet average vel
//     Residual (3): Control: minimise control
//     Residual (4): Joint vel: minimise joint velocity
//   Number of parameters: 1
//     Parameter (0): height_goal
// -------------------------------------------------------------
void WalkGym2::ResidualFn::Residual(const mjModel* model, const mjData* data,
                       double* residual) const {

  int counter = 0;
  // ----- Height: head feet vertical error ----- //
  // feet sensor positions
  double* f1_position = SensorByName(model, data, "sp0");
  double* f2_position = SensorByName(model, data, "sp1");
  double* f3_position = SensorByName(model, data, "sp2");
  double* f4_position = SensorByName(model, data, "sp3");
  double* head_position = SensorByName(model, data, "head_position");
  double feet_height = 0;
  double fxy_avg[2] = {0, 0};
  
  feet_height = 0.25 * (f1_position[2] + f2_position[2] + f3_position[2] + f4_position[2]);
  fxy_avg[0] = 0.25 * (f1_position[0] + f2_position[0] + f3_position[0] + f4_position[0]);
  fxy_avg[1] = 0.25 * (f1_position[1] + f2_position[1] + f3_position[1] + f4_position[1]);
  // }
  double head_feet_error =
      head_position[2] - feet_height;
  residual[counter++] = mju_min(head_feet_error - parameters_[0], 0);

  

  // ----- upright ----- //
  double up_dir[3] = {0*(data->qpos[0]-parameters_[0]), 0, 1};

  double* torso_up = SensorByName(model, data, "torso_up");
  double* pelvis_up = SensorByName(model, data, "pelvis_up");
  double* head_up = SensorByName(model, data, "head_up");
  double* toe_left_up = SensorByName(model, data, "toe_left_up");
  double* toe_right_up = SensorByName(model, data, "toe_right_up");

  double upright = 0;

  upright += 0 * (1- mju_dot(torso_up, up_dir, 3));
  upright += 1 * (1- mju_dot(pelvis_up, up_dir, 3));
  upright += 1 * (1- mju_dot(head_up, up_dir, 3));
  upright += 0.2 * (1- mju_dot(toe_left_up, up_dir, 3));
  upright += 0.2 * (1- mju_dot(toe_right_up, up_dir, 3));
  // residual[counter++] = upright;
  
  
  double* com_position = SensorByName(model, data, "pelvis_subtreecom");
  double* com_velocity = SensorByName(model, data, "pelvis_subtreelinvel");
 
  double capture_point[3] = {com_position[0], com_position[1], com_position[2]};


  //upper body com
  double com_position_upper[3] = {0, 0, 0};
  double com_velocity_upper[3] = {0, 0, 0};
  double mass_upper = mju_sum(model->body_mass+15, 91-15);  

  for (int i = 15; i < 91; i++) {
    mju_addToScl3(com_position_upper, data->xipos+3*i, model->body_mass[i]/mass_upper);
    mju_addToScl3(com_velocity_upper, data->cvel+6*i+3, model->body_mass[i]/mass_upper);
  }

  mju_subFrom(fxy_avg, capture_point, 2);
  double com_feet_distance = mju_norm(fxy_avg, 2);
  residual[counter++] = com_feet_distance;

  
  // ----- Feet cross ----- //
  double* hip_l_position = SensorByName(model, data, "hip_l");
  double* hip_r_position = SensorByName(model, data, "hip_r");
  double hip_dir[2];
  mju_sub(hip_dir, hip_l_position, hip_r_position, 2);
  mju_normalize(hip_dir, 2);

  double left_feet_com[2];
  mju_add(left_feet_com, f1_position, f2_position, 2);
  mju_scl(left_feet_com, left_feet_com, 0.5, 2);
  double right_feet_com[2];
  mju_add(right_feet_com, f3_position, f4_position, 2);
  mju_scl(right_feet_com, right_feet_com, 0.5, 2);


  double feet_dir[2];
  mju_sub(feet_dir, f1_position, f3_position, 2); //calcn position
  double toe_dir[2];
  mju_sub(toe_dir, f2_position, f4_position, 2);

  double* knee_l_position = SensorByName(model, data, "knee_l");
  double* knee_r_position = SensorByName(model, data, "knee_r");
  double knee_dir[2];
  mju_sub(knee_dir, knee_l_position, knee_r_position, 2);


  double feet_cross = mju_min(0, mju_dot(hip_dir, feet_dir, 2)-0.15);
  feet_cross += mju_min(0, mju_dot(hip_dir, toe_dir, 2)-0.15);
  feet_cross += mju_min(0, mju_dot(hip_dir, knee_dir, 2)-0.15);
  
  // residual[counter++] = feet_cross;

  // ----- Forward velocity ----- //
  double forward_dir[3] = {1, 0, 0};

  residual[counter++] = mju_min(0, mju_dot(com_velocity, forward_dir, 2) - parameters_[1]);
  
  // ----- Forward velocity angle ----- //
  // double cos_theta = mju_dot(com_velocity, forward_dir, 3) / (mju_norm(com_velocity, 3)+1e-7);
  // double sin_theta = mju_sqrt(1 - cos_theta * cos_theta);
  // double side_velocity = mju_norm(com_velocity, 3) * sin_theta;
  // residual[counter++] = side_velocity;
  
  // ----- forward ----- //
  double* pelvis_forward = SensorByName(model, data, "pelvis_forward");
  double* torso_forward = SensorByName(model, data, "torso_forward");

  double forward = 0;
  forward += 1 * (1- mju_dot(pelvis_forward, forward_dir, 3));
  forward += 1 * (1- mju_dot(torso_forward, forward_dir, 3));
  residual[counter++] = forward;

  // ----- Lateral balance ----- //
  double lateral_balance = fxy_avg[0]; // Distance from centerline
  residual[counter++] = lateral_balance;

  int user_sensor_dim = 0;
  for (int i = 0; i < model->nsensor; i++) {
    if (model->sensor_type[i] == mjSENS_USER) {
      user_sensor_dim += model->sensor_dim[i];
    }
  }
  
  if (user_sensor_dim != counter) {
    std::cout<<"sensor dim"<<user_sensor_dim<<" "<<counter<<std::endl;
    mju_error_i(
        "mismatch between total user-sensor dimension "
        "and actual length of residual %d %d",
        counter);
  }
}

void WalkGym2::TransitionLocked(mjModel* model, mjData* data) {
  if (model->nv >= 170) {
    mju_zero(data->qvel+85, 85);
  }
}
}  // namespace mjpc
```
2026-04-20 19:22:19,864 - INFO - New Task: ```xml
<mujoco model="Musculoskeletal">
  <include file="../../common.xml" />
  <!-- modified from: https://github.com/google-deepmind/dm_control/blob/main/dm_control/suite/swimmer.xml -->
  <include file="../Models/mj_FullBody/mj_fullbody_simple.xml"/>
  <size memory="40000K"/>
  <custom>
    <!-- agent -->
    <numeric name="agent_planner" data="0" />
    <numeric name="agent_horizon" data="0.3" />
    <numeric name="agent_timestep" data="0.008" />
    <numeric name="sampling_spline_points" data="1 1 10" />
    <numeric name="gradient_spline_points" data="5" />
    <numeric name="perturb_std" data="0" />
    <numeric name="residual_Height Goal" data="1.55 0.0 1.6" />
    <numeric name="residual_Velocity Goal" data="1 0 10" />
  </custom>
  <option timestep="0.002"/>

  <sensor>
    <!-- cost -->
    <user name="Height" dim="1" user="6 100.0 0.0 100.0 0.1" />
    <user name="Balance" dim="1" user="6 100.0 0.0 100.0 0.1" />
    <user name="Com_Vel" dim="1" user="6 100.0 0.0 100.0 0.1" />
    <user name="Control" dim="1" user="6 5.0 0.0 100.0 0.1" />
    <user name="Joint_Vel" dim="1" user="6 5.0 0.0 100.0 0.1" />
    <user name="Lateral_Balance" dim="1" user="6 20.0 0.0 100.0 0.1" />
    <!-- <user name="Upright" dim="1" user="6 100.0 0.0 100.0 0.1" /> -->
    <!-- <user name="Feet_cross" dim="1" user="6 50.0 0.0 100.0 0.1" /> -->
    <user name="Velocity" dim="1" user="6 15.0 0.0 100.0 0.1" />
    <!-- <user name="Velocity_angle" dim="1" user="6 10.0 0.0 100.0 0.1" /> -->
    <user name="Forward" dim="1" user="6 100.0 0.0 100.0 0.1" />
    <!-- <user name="Joint_pos" dim="1" user="0 1 0 10.0 0.1" /> -->
   
    <framepos name="trace0" objtype="body" objname="patella_l"/>

    <framepos name="pelvis_position" objtype="body" objname="pelvis"/>
    <framepos name="head_position" objtype="body" objname="head_neck"/>

    <!-- <subtreelinvel name="head_subtreelinvel" body="head_neck"/>
    <subtreecom name="head_subtreecom" body="head_neck"/> -->
    <subtreecom name="pelvis_subtreecom" body="pelvis"/>
    <subtreelinvel name="pelvis_subtreelinvel" body="pelvis"/>
    <subtreecom name="head_subtreecom" body="head_neck"/>
    <subtreelinvel name="head_subtreelinvel" body="head_neck"/>

    <framepos name="sp0" objtype="site" objname="calcn_site_l"/>
    <framepos name="sp1" objtype="site" objname="toes_site_l"/>
    <framepos name="sp2" objtype="site" objname="calcn_site_r"/>
    <framepos name="sp3" objtype="site" objname="toes_site_r"/>

    <framepos name="hip_l" objtype="site" objname="hip_l" />
    <framepos name="hip_r" objtype="site" objname="hip_r" />

    <framepos name="knee_l" objtype="site" objname="vaslat140_l_KnExtVL_at_fem_l_sidesite" />
    <framepos name="knee_r" objtype="site" objname="vaslat140_r_KnExtVL_at_fem_r_sidesite" />

    <framepos name="shoulder_l" objtype="body" objname="humphant_l" />
    <framepos name="shoulder_r" objtype="body" objname="humphant_r" />

    <frameyaxis name="torso_up" objtype="xbody" objname="sternum"/>
    <frameyaxis name="pelvis_up" objtype="xbody" objname="pelvis"/>
    <frameyaxis name="head_up" objtype="xbody" objname="head_neck"/>
    <frameyaxis name="foot_right_up" objtype="xbody" objname="calcn_r"/>
    <frameyaxis name="foot_left_up" objtype="xbody" objname="calcn_l"/>
    <frameyaxis name="toe_right_up" objtype="xbody" objname="toes_r"/>
    <frameyaxis name="toe_left_up" objtype="xbody" objname="toes_l"/>

    <framexaxis name="torso_forward" objtype="xbody" objname="sternum"/>
    <framexaxis name="pelvis_forward" objtype="xbody" objname="pelvis"/>
    <framexaxis name="foot_right_forward" objtype="xbody" objname="calcn_r"/>
    <framexaxis name="foot_left_forward" objtype="xbody" objname="calcn_l"/>
    <framexaxis name="toe_right_forward" objtype="xbody" objname="toes_r"/>
    <framexaxis name="toe_left_forward" objtype="xbody" objname="toes_l"/>
    <framexaxis name="knee_right_forward" objtype="xbody" objname="patella_r"/>
    <framexaxis name="knee_left_forward" objtype="xbody" objname="patella_l"/>

    <subtreelinvel name="foot_right_vel" body="calcn_r"/>
    <subtreelinvel name="foot_left_vel" body="calcn_l"/>
  </sensor>
</mujoco>
```
