2026-04-20 19:24:20,408 - INFO - Stage: 0/15, Attempt: 1/5
2026-04-20 19:24:20,408 - INFO - Initial environment file: 
// Copyright 2022 DeepMind Technologies Limited
//
// Licensed under the Apache License, Version 2.0 (the "License");
// you may not use this file except in compliance with the License.
// You may obtain a copy of the License at
//
//     http://www.apache.org/licenses/LICENSE-2.0
//
// Unless required by applicable law or agreed to in writing, software
// distributed under the License is distributed on an "AS IS" BASIS,
// WITHOUT WARRANTIES OR CONDITIONS OF ANY KIND, either express or implied.
// See the License for the specific language governing permissions and
// limitations under the License.

#include "mjpc/tasks/musculoskeletal/slope/walk.h"

#include <string>

#include <absl/random/random.h>
#include <mujoco/mujoco.h>
#include "mjpc/utilities.h"

namespace mjpc::musculoskeletal {

std::string Slope::XmlPath() const {
  return GetModelPath("musculoskeletal/slope/task.xml");
}
std::string Slope::Name() const { return "MS Slope"; }
// ------------------ Residuals for MS humanoid stand task ------------
//   Number of residuals: 6
//     Residual (0): Desired height
//     Residual (1): Balance: COM_xy - average(feet position)_xy
//     Residual (2): Com Vel: should be 0 and equal feet average vel
//     Residual (3): Control: minimise control
//     Residual (4): Joint vel: minimise joint velocity
//   Number of parameters: 1
//     Parameter (0): height_goal
// -------------------------------------------------------------
void Slope::ResidualFn::Residual(const mjModel* model, const mjData* data,
                       double* residual) const {

  int counter = 0;
  // ----- Height: head feet vertical error ----- //
  // feet sensor positions
  double* f1_position = SensorByName(model, data, "sp0");
  double* f2_position = SensorByName(model, data, "sp1");
  double* f3_position = SensorByName(model, data, "sp2");
  double* f4_position = SensorByName(model, data, "sp3");
  double* head_position = SensorByName(model, data, "head_position");
  double feet_height = 0;
  double fxy_avg[2] = {0, 0};
  int on_groud_cnt = 0;

  if (on_groud_cnt == 0) {
    fxy_avg[0] = 0.25 * (f1_position[0] + f2_position[0] + f3_position[0] + f4_position[0]);
    fxy_avg[1] = 0.25 * (f1_position[1] + f2_position[1] + f3_position[1] + f4_position[1]);
  }
  else {
    fxy_avg[0] /= on_groud_cnt;
    fxy_avg[1] /= on_groud_cnt;
  }
  
  feet_height = 0.25 * (f1_position[2] + f2_position[2] + f3_position[2] + f4_position[2]);
  double head_feet_error = head_position[2] - feet_height;
  residual[counter++] = mju_min(head_feet_error - parameters_[0], 0);
  
  // ----- Balance: COM_xy - average(feet position)_xy ----- //
  double* com_position = SensorByName(model, data, "pelvis_subtreecom");
  double* com_velocity = SensorByName(model, data, "pelvis_subtreelinvel");
  double capture_point[3] = {com_position[0], com_position[1], com_position[2]};

  //upper body com
  double com_position_upper[3] = {0, 0, 0};
  double com_velocity_upper[3] = {0, 0, 0};
  double mass_upper = mju_sum(model->body_mass, model->nbody);  
  for (int i = 0; i < model->nbody; i++) {
    mju_addToScl3(com_position_upper, data->xipos+3*i, model->body_mass[i]/mass_upper);
    mju_addToScl3(com_velocity_upper, data->cvel+6*i+3, model->body_mass[i]/mass_upper);
  }
 
  mju_copy(capture_point, com_position_upper, 3);

  mju_subFrom(fxy_avg, capture_point, 2);
  double com_feet_distance = mju_norm(fxy_avg, 2);
  residual[counter++] = com_feet_distance;

  // ----- Joint Pos (keep untouched due to simulator) ----- //
  residual[counter++] = mju_norm(data->qpos+6, 85-6);
  
  int user_sensor_dim = 0;
  for (int i = 0; i < model->nsensor; i++) {
    if (model->sensor_type[i] == mjSENS_USER) {
      user_sensor_dim += model->sensor_dim[i];
    }
  }

  if (user_sensor_dim != counter) {
    std::cout<<"sensor dim"<<user_sensor_dim<<" "<<counter<<std::endl;
    mju_error_i(
        "mismatch between total user-sensor dimension "
        "and actual length of residual %d %d", counter);
  }
}

void Slope::TransitionLocked(mjModel* model, mjData* data) {
  if (data->time == 0) {
    mju_copy(data->qpos, model->key_qpos, model->nq);
    mju_zero(data->qvel, model->nv);
    mju_zero(data->act, model->na);
  }
}
}
2026-04-20 19:24:20,408 - INFO - Initial task file: 
<mujoco model="Musculoskeletal">
  <include file="../../common.xml" />
  <include file="../Models/MS_Human_700_final/MS-Human-700-Locomotion_slope.xml"/>

  <size memory="40000K"/>
  <custom>
    <!-- agent -->
    <numeric name="agent_planner" data="0" />
    <numeric name="agent_horizon" data="0.35" />
    <numeric name="agent_timestep" data="0.008" />
    <numeric name="sampling_spline_points" data="1 1 10" />
    <numeric name="gradient_spline_points" data="5" />
    <numeric name="perturb_std" data="0" />
    <numeric name="residual_Height Goal" data="1.59 0.0 1.6" />
    <numeric name="residual_Velocity Goal" data="0.8 0 10" />
  </custom>
  <option timestep="0.002"/>

  <sensor>
    <!-- cost -->
    <user name="Height" dim="1" user="6 100.0 0.0 100.0 0.1" />
    <user name="Balance" dim="1" user="6 120.0 0.0 125.0 0.1" />
    <user name="Joint_pos" dim="1" user="0 1 0 10.0 0.1" />
   
    <framepos name="trace0" objtype="body" objname="patella_l"/>

    <!-- Sensors -->
    <framepos name="pelvis_position" objtype="body" objname="pelvis"/>
    <framepos name="head_position" objtype="body" objname="head_neck"/>

    <subtreecom name="pelvis_subtreecom" body="pelvis"/>
    <subtreelinvel name="pelvis_subtreelinvel" body="pelvis"/>
    <subtreecom name="head_subtreecom" body="head_neck"/>
    <subtreelinvel name="head_subtreelinvel" body="head_neck"/>

    <framepos name="sp0" objtype="site" objname="calcn_site_l"/>
    <framepos name="sp1" objtype="site" objname="toes_site_l"/>
    <framepos name="sp2" objtype="site" objname="calcn_site_r"/>
    <framepos name="sp3" objtype="site" objname="toes_site_r"/>

    <!-- for old ms 700 -->
    <framepos name="hip_l" objtype="site" objname="hip_l" />
    <framepos name="hip_r" objtype="site" objname="hip_r" />

    <!-- for new MS700 -->
    <framepos name="knee_l" objtype="site" objname="vaslat_l_KnExtVL_at_fem_l_sidesite" />
    <framepos name="knee_r" objtype="site" objname="vaslat_r_KnExtVL_at_fem_r_sidesite" />


    <framepos name="shoulder_l" objtype="body" objname="humphant_l" />
    <framepos name="shoulder_r" objtype="body" objname="humphant_r" />

    <frameyaxis name="torso_up" objtype="xbody" objname="sternum"/>
    <frameyaxis name="pelvis_up" objtype="xbody" objname="pelvis"/>
    <frameyaxis name="head_up" objtype="xbody" objname="head_neck"/>
    <frameyaxis name="foot_right_up" objtype="xbody" objname="calcn_r"/>
    <frameyaxis name="foot_left_up" objtype="xbody" objname="calcn_l"/>
    <frameyaxis name="toe_right_up" objtype="xbody" objname="toes_r"/>
    <frameyaxis name="toe_left_up" objtype="xbody" objname="toes_l"/>

    <framexaxis name="torso_forward" objtype="xbody" objname="sternum"/>
    <framexaxis name="pelvis_forward" objtype="xbody" objname="pelvis"/>
    <framexaxis name="foot_right_forward" objtype="xbody" objname="calcn_r"/>
    <framexaxis name="foot_left_forward" objtype="xbody" objname="calcn_l"/>
    <framexaxis name="toe_right_forward" objtype="xbody" objname="toes_r"/>
    <framexaxis name="toe_left_forward" objtype="xbody" objname="toes_l"/>
    <framexaxis name="knee_right_forward" objtype="xbody" objname="patella_r"/>
    <framexaxis name="knee_left_forward" objtype="xbody" objname="patella_l"/>

    <subtreelinvel name="foot_right_vel" body="calcn_r"/>
    <subtreelinvel name="foot_left_vel" body="calcn_l"/>
  </sensor>
</mujoco>

2026-04-20 19:25:47,023 - INFO - Recording for stage 0 with data file: /home/cxy/Desktop/mpc2/vlm_muscle/logs/fullbody/walking_slope/20260420_192420/stage_0/2026_04_20_19_25_46_qpos.txt
