2026-04-20 19:30:40,691 - INFO - Stage: 2/15, Attempt: 1/5
2026-04-20 19:31:20,741 - INFO - Video Feedback: a) NO

b) The main issues with the motion produced compared to the desired motion are as follows:

1. **Failure to Maintain Forward Motion**: Instead of walking forward in a straight line, the model exhibits erratic and uncontrolled movements. It starts by raising its arms and legs in an unnatural manner, which leads to a loss of balance and eventually causes it to fall over. This indicates that the model is not able to generate the necessary forces and torques to maintain a stable gait.

2. **Loss of Balance and Stability**: The model fails to maintain balance and stability throughout the motion. The high weight given to the 'Balance' reward term (120.0) does not seem to be effective in preventing the model from falling. The model's center of mass shifts excessively, leading to instability and eventual collapse.

3. **Poor Posture and Joint Configuration**: The model's posture is far from natural or optimal for walking. The joints are positioned in ways that do not facilitate efficient movement. For example, the arms are raised unnecessarily high, and the legs are not properly aligned for walking. This suggests that the model lacks an understanding of how to coordinate its limbs for forward motion.

4. **Inability to Achieve Desired Velocity**: The model does not achieve the desired velocity of about 1 m/s. Instead, it performs a series of uncoordinated movements that do not result in any significant forward displacement. This indicates that the 'Forward Velocity' reward term (10.0) is not sufficient to encourage the model to move forward at the desired speed.

c) To improve the performance of the reinforcement learning model, I suggest the following changes to the reward terms:

1. **Add a 'Foot Placement' Reward Term**: Introduce a new reward term that encourages the model to place its feet correctly during each step. This term should have a weight of around 20.0 initially. The function for this term should evaluate the position and orientation of the feet relative to the ground and the rest of the body. Specifically, it should reward the model for placing its feet flat on the ground and in a position that supports forward motion. This will help the model learn how to coordinate its leg movements for walking.

2. **Tune the 'Trunk Stability' Reward Term**: Increase the weight of the 'Trunk Stability' reward term from 20.0 to 30.0. This will give more emphasis to maintaining a stable trunk during motion, which is crucial for overall balance and coordination. The function for this term should evaluate the stability of the trunk by measuring the deviation of the trunk's orientation from a neutral position. By increasing the weight of this term, the model will be encouraged to keep its trunk stable, which will help prevent falls and improve the overall quality of the motion.

These changes should help the model learn how to walk forward in a straight line with better balance, stability, and posture. By focusing on foot placement and trunk stability, the model can develop a more natural and efficient gait.
2026-04-20 19:31:55,897 - INFO - New Code: ```cpp
#include "mjpc/tasks/musculoskeletal/slope/walk.h"

#include <string>

#include <absl/random/random.h>
#include <mujoco/mujoco.h>
#include "mjpc/utilities.h"

namespace mjpc::musculoskeletal {

std::string Slope::XmlPath() const {
  return GetModelPath("musculoskeletal/slope/task.xml");
}
std::string Slope::Name() const { return "MS Slope"; }
// ------------------ Residuals for MS humanoid stand task ------------
//   Number of residuals: 6
//     Residual (0): Desired height
//     Residual (1): Balance: COM_xy - average(feet position)_xy
//     Residual (2): Com Vel: should be 0 and equal feet average vel
//     Residual (3): Control: minimise control
//     Residual (4): Joint vel: minimise joint velocity
//     Residual (5): Trunk Stability: minimize deviation from upright posture
//     Residual (6): Forward Velocity: achieve and maintain target velocity
//     Residual (7): Foot Placement: ensure feet are placed correctly
//   Number of parameters: 1
//     Parameter (0): height_goal
// -------------------------------------------------------------
void Slope::ResidualFn::Residual(const mjModel* model, const mjData* data,
                       double* residual) const {

  int counter = 0;
  // ----- Height: head feet vertical error ----- //
  // feet sensor positions
  double* f1_position = SensorByName(model, data, "sp0");
  double* f2_position = SensorByName(model, data, "sp1");
  double* f3_position = SensorByName(model, data, "sp2");
  double* f4_position = SensorByName(model, data, "sp3");
  double* head_position = SensorByName(model, data, "head_position");
  double feet_height = 0;
  double fxy_avg[2] = {0, 0};
  int on_groud_cnt = 0;

  if (on_groud_cnt == 0) {
    fxy_avg[0] = 0.25 * (f1_position[0] + f2_position[0] + f3_position[0] + f4_position[0]);
    fxy_avg[1] = 0.25 * (f1_position[1] + f2_position[1] + f3_position[1] + f4_position[1]);
  }
  else {
    fxy_avg[0] /= on_groud_cnt;
    fxy_avg[1] /= on_groud_cnt;
  }
  
  feet_height = 0.25 * (f1_position[2] + f2_position[2] + f3_position[2] + f4_position[2]);
  double head_feet_error = head_position[2] - feet_height;
  residual[counter++] = mju_min(head_feet_error - parameters_[0], 0);
  
  // ----- Balance: COM_xy - average(feet position)_xy ----- //
  double* com_position = SensorByName(model, data, "pelvis_subtreecom");
  double* com_velocity = SensorByName(model, data, "pelvis_subtreelinvel");
  double capture_point[3] = {com_position[0], com_position[1], com_position[2]};
  mju_subFrom(fxy_avg, capture_point, 2);
  double com_feet_distance = mju_norm(fxy_avg, 2);
  residual[counter++] = com_feet_distance;

  // ----- Com Vel: should be 0 and equal feet average vel ----- //
  double* foot_right_vel = SensorByName(model, data, "foot_right_vel");
  double* foot_left_vel = SensorByName(model, data, "foot_left_vel");
  double avg_foot_vel[3] = {0, 0, 0};
  mju_add(avg_foot_vel, foot_right_vel, foot_left_vel, 3);
  mju_scl(avg_foot_vel, avg_foot_vel, 0.5, 3);
  double com_vel_error[3] = {0, 0, 0};
  mju_sub(com_vel_error, com_velocity, avg_foot_vel, 3);
  residual[counter++] = mju_norm(com_vel_error, 3);

  // ----- Control: minimise control ----- //
  residual[counter++] = mju_norm(data->ctrl, model->nu);

  // ----- Joint vel: minimise joint velocity ----- //
  residual[counter++] = mju_norm(data->qvel+6, 85-6);

  // ----- Trunk Stability: minimize deviation from upright posture ----- //
  double* torso_up = SensorByName(model, data, "torso_up");
  double upright[3] = {0, 1, 0};
  double deviation = 1 - mju_dot3(torso_up, upright);
  residual[counter++] = deviation;

  // ----- Forward Velocity: achieve and maintain target velocity ----- //
  double target_velocity = 1.0;
  double forward_velocity_error = com_velocity[0] - target_velocity;
  residual[counter++] = forward_velocity_error;

  // ----- Foot Placement: ensure feet are placed correctly ----- //
  double foot_right_position[3] = {0, 0, 0};
  double foot_left_position[3] = {0, 0, 0};
  mju_copy(foot_right_position, f2_position, 3);
  mju_copy(foot_left_position, f4_position, 3);
  double foot_placement_error[3] = {0, 0, 0};
  mju_sub(foot_placement_error, foot_right_position, foot_left_position, 3);
  residual[counter++] = mju_norm(foot_placement_error, 3);

  int user_sensor_dim = 0;
  for (int i = 0; i < model->nsensor; i++) {
    if (model->sensor_type[i] == mjSENS_USER) {
      user_sensor_dim += model->sensor_dim[i];
    }
  }

  if (user_sensor_dim != counter) {
    std::cout<<"sensor dim"<<user_sensor_dim<<" "<<counter<<std::endl;
    mju_error_i(
        "mismatch between total user-sensor dimension "
        "and actual length of residual %d %d", counter);
  }
}

void Slope::TransitionLocked(mjModel* model, mjData* data) {
  if (data->time == 0) {
    mju_copy(data->qpos, model->key_qpos, model->nq);
    mju_zero(data->qvel, model->nv);
    mju_zero(data->act, model->na);
  }
}
}
```
2026-04-20 19:32:24,073 - INFO - New Task: ```xml
<mujoco model="Musculoskeletal">
  <include file="../../common.xml" />
  <include file="../Models/MS_Human_700_final/MS-Human-700-Locomotion_slope.xml"/>

  <size memory="40000K"/>
  <custom>
    <!-- agent -->
    <numeric name="agent_planner" data="0" />
    <numeric name="agent_horizon" data="0.35" />
    <numeric name="agent_timestep" data="0.008" />
    <numeric name="sampling_spline_points" data="1 1 10" />
    <numeric name="gradient_spline_points" data="5" />
    <numeric name="perturb_std" data="0" />
    <numeric name="residual_Height Goal" data="1.59 0.0 1.6" />
    <numeric name="residual_Velocity Goal" data="0.8 0 10" />
  </custom>
  <option timestep="0.002"/>

  <sensor>
    <!-- cost -->
    <user name="Height" dim="1" user="6 100.0 0.0 100.0 0.1" />
    <user name="Balance" dim="1" user="6 120.0 0.0 125.0 0.1" />
    <user name="Com Vel" dim="1" user="6 1.0 0.0 10.0 0.1" />
    <user name="Control" dim="1" user="6 0.0 0.0 10.0 0.1" />
    <user name="Joint vel" dim="1" user="6 0.0 0.0 10.0 0.1" />
    <user name="Trunk Stability" dim="1" user="6 30.0 0.0 100.0 0.1" />
    <user name="Forward Velocity" dim="1" user="6 10.0 0.0 10.0 0.1" />
    <user name="Foot Placement" dim="1" user="6 20.0 0.0 100.0 0.1" />
   
    <framepos name="trace0" objtype="body" objname="patella_l"/>

    <!-- Sensors -->
    <framepos name="pelvis_position" objtype="body" objname="pelvis"/>
    <framepos name="head_position" objtype="body" objname="head_neck"/>

    <subtreecom name="pelvis_subtreecom" body="pelvis"/>
    <subtreelinvel name="pelvis_subtreelinvel" body="pelvis"/>
    <subtreecom name="head_subtreecom" body="head_neck"/>
    <subtreelinvel name="head_subtreelinvel" body="head_neck"/>

    <framepos name="sp0" objtype="site" objname="calcn_site_l"/>
    <framepos name="sp1" objtype="site" objname="toes_site_l"/>
    <framepos name="sp2" objtype="site" objname="calcn_site_r"/>
    <framepos name="sp3" objtype="site" objname="toes_site_r"/>

    <!-- for old ms 700 -->
    <framepos name="hip_l" objtype="site" objname="hip_l" />
    <framepos name="hip_r" objtype="site" objname="hip_r" />

    <!-- for new MS700 -->
    <framepos name="knee_l" objtype="site" objname="vaslat_l_KnExtVL_at_fem_l_sidesite" />
    <framepos name="knee_r" objtype="site" objname="vaslat_r_KnExtVL_at_fem_r_sidesite" />


    <framepos name="shoulder_l" objtype="body" objname="humphant_l" />
    <framepos name="shoulder_r" objtype="body" objname="humphant_r" />

    <frameyaxis name="torso_up" objtype="xbody" objname="sternum"/>
    <frameyaxis name="pelvis_up" objtype="xbody" objname="pelvis"/>
    <frameyaxis name="head_up" objtype="xbody" objname="head_neck"/>
    <frameyaxis name="foot_right_up" objtype="xbody" objname="calcn_r"/>
    <frameyaxis name="foot_left_up" objtype="xbody" objname="calcn_l"/>
    <frameyaxis name="toe_right_up" objtype="xbody" objname="toes_r"/>
    <frameyaxis name="toe_left_up" objtype="xbody" objname="toes_l"/>

    <framexaxis name="torso_forward" objtype="xbody" objname="sternum"/>
    <framexaxis name="pelvis_forward" objtype="xbody" objname="pelvis"/>
    <framexaxis name="foot_right_forward" objtype="xbody" objname="calcn_r"/>
    <framexaxis name="foot_left_forward" objtype="xbody" objname="calcn_l"/>
    <framexaxis name="toe_right_forward" objtype="xbody" objname="toes_r"/>
    <framexaxis name="toe_left_forward" objtype="xbody" objname="toes_l"/>
    <framexaxis name="knee_right_forward" objtype="xbody" objname="patella_r"/>
    <framexaxis name="knee_left_forward" objtype="xbody" objname="patella_l"/>

    <subtreelinvel name="foot_right_vel" body="calcn_r"/>
    <subtreelinvel name="foot_left_vel" body="calcn_l"/>
  </sensor>
</mujoco>
```
